// Jest Snapshot v1, https://goo.gl/fbAQLP

exports[`<UpdateInstructor /> renders component 1`] = `
<ContextConsumer>
  <Component />
</ContextConsumer>
`;
