// Jest Snapshot v1, https://goo.gl/fbAQLP

exports[`<NewFaq /> renders component 1`] = `
<ContextConsumer>
  <Component />
</ContextConsumer>
`;
