// Jest Snapshot v1, https://goo.gl/fbAQLP

exports[`<ImageGallery /> renders component 1`] = `""`;
