// Jest Snapshot v1, https://goo.gl/fbAQLP

exports[`<OurStory /> renders component 1`] = `
<div
  className="main-container"
>
  <div
    className="inner-main-container"
  >
    <div
      className="new-class-header"
      id="about-header"
    >
      <h1>
        About Us
      </h1>
    </div>
  </div>
</div>
`;
