// Jest Snapshot v1, https://goo.gl/fbAQLP

exports[`<MapContainer /> renders component 1`] = `
<Map
  center={
    Array [
      -37.56138,
      143.8752,
    ]
  }
  className="markercluster-map"
  maxZoom={17}
  minZoom={9}
  zoom={15}
>
  <ForwardRef(Leaflet(TileLayer))
    attribution="Â© <a href=\\"http://osm.org/copyright\\">OpenStreetMap</a> contributors"
    url="https://{s}.tile.openstreetmap.org/{z}/{x}/{y}.png"
  />
  <ForwardRef(Leaflet(Marker))
    position={
      Array [
        -37.56138,
        143.8752,
      ]
    }
  >
    <ForwardRef(Leaflet(Popup))>
      A pretty CSS3 popup. Easily customizable.
    </ForwardRef(Leaflet(Popup))>
  </ForwardRef(Leaflet(Marker))>
  <ForwardRef(Leaflet(Marker))
    position={
      Array [
        -37.56138,
        143.8752,
      ]
    }
  />
  &gt;
</Map>
`;
